2025-05-03 02:36:31 - INFO - ==================================================
2025-05-03 02:36:31 - INFO - 开始运行自动化程序...
2025-05-03 02:36:31 - INFO - ==================================================
2025-05-03 02:36:31 - INFO - 开始执行自动化工作流程...
2025-05-03 02:36:31 - INFO - 请在3秒内切换到目标窗口...
2025-05-03 02:36:34 - INFO - 状态机初始化，初始状态: 初始化
2025-05-03 02:36:34 - INFO - 开始执行自动化工作流程...
2025-05-03 02:36:34 - INFO - 请在3秒内切换到目标窗口...
2025-05-03 02:36:37 - INFO - 状态转换: 初始化 -> 等待主界面加载 (耗时: 3.00秒)
2025-05-03 02:36:37 - INFO - 等待主界面加载, 当前执行成功次数: 0
2025-05-03 02:36:38 - INFO - 状态转换: 等待主界面加载 -> 选择PMC (耗时: 0.40秒)
2025-05-03 02:36:39 - INFO - 状态转换: 选择PMC -> 下一步 (耗时: 1.37秒)
2025-05-03 02:36:39 - INFO - 状态转换: 下一步 -> 选择工厂 (耗时: 0.37秒)
2025-05-03 02:36:41 - INFO - 状态转换: 选择工厂 -> 准备 (耗时: 1.56秒)
2025-05-03 02:36:42 - INFO - 状态转换: 准备 -> 等待游戏开始 (耗时: 1.59秒)
2025-05-03 02:38:47 - INFO - 状态转换: 等待游戏开始 -> 等待角色死亡 (耗时: 124.27秒)
2025-05-03 02:39:27 - INFO - 状态转换: 等待角色死亡 -> 返回主菜单 (耗时: 40.54秒)
2025-05-03 02:39:58 - WARNING - 等待图像 escape 超时
2025-05-03 02:39:58 - ERROR - WorkflowState.RETURN_TO_MAIN失败，流程终止
2025-05-03 02:39:58 - INFO - 状态转换: 返回主菜单 -> 错误 (耗时: 30.60秒)
2025-05-03 02:39:58 - ERROR - 工作流程执行失败!
2025-05-03 02:39:58 - WARNING - 工作流程执行失败，请检查日志了解详情。
2025-05-03 02:39:58 - INFO - ==================================================
2025-05-03 02:39:58 - WARNING - 程序执行失败，请检查日志了解详情。
2025-05-03 02:39:58 - INFO - ==================================================
2025-05-03 02:41:55 - INFO - ==================================================
2025-05-03 02:41:55 - INFO - 开始运行自动化程序...
2025-05-03 02:41:55 - INFO - ==================================================
2025-05-03 02:41:55 - INFO - 开始执行自动化工作流程...
2025-05-03 02:41:55 - INFO - 请在3秒内切换到目标窗口...
2025-05-03 02:41:58 - INFO - 状态机初始化，初始状态: 初始化
2025-05-03 02:41:58 - INFO - 开始执行自动化工作流程...
2025-05-03 02:41:58 - INFO - 请在3秒内切换到目标窗口...
2025-05-03 02:42:01 - INFO - 状态转换: 初始化 -> 等待主界面加载 (耗时: 3.01秒)
2025-05-03 02:42:01 - INFO - 等待主界面加载, 当前执行成功次数: 0
2025-05-03 02:42:02 - INFO - 状态转换: 等待主界面加载 -> 选择PMC (耗时: 0.42秒)
2025-05-03 02:42:03 - INFO - 状态转换: 选择PMC -> 下一步 (耗时: 1.37秒)
2025-05-03 02:42:04 - INFO - 状态转换: 下一步 -> 选择工厂 (耗时: 0.35秒)
2025-05-03 02:42:05 - INFO - 状态转换: 选择工厂 -> 准备 (耗时: 1.56秒)
2025-05-03 02:42:07 - INFO - 状态转换: 准备 -> 等待游戏开始 (耗时: 1.56秒)
2025-05-03 02:44:11 - INFO - 状态转换: 等待游戏开始 -> 等待角色死亡 (耗时: 124.25秒)
2025-05-03 02:44:58 - INFO - 状态转换: 等待角色死亡 -> 返回主菜单 (耗时: 47.06秒)
2025-05-03 02:44:58 - INFO - 状态转换: 返回主菜单 -> 点击是 (耗时: 0.35秒)
2025-05-03 02:45:00 - ERROR - 执行状态 点击是 时发生异常: 'dict' object has no attribute 'set'
Traceback (most recent call last):
  File "d:\Work\KDDown\main.py", line 193, in execute
    self.data.set('success_count', self.data.get('success_count', 0) + 1)
AttributeError: 'dict' object has no attribute 'set'
2025-05-03 02:45:00 - INFO - 状态转换: 点击是 -> 错误 (耗时: 1.53秒)
2025-05-03 02:45:00 - WARNING - 工作流程执行失败，请检查日志了解详情。
2025-05-03 02:45:00 - INFO - ==================================================
2025-05-03 02:45:00 - WARNING - 程序执行失败，请检查日志了解详情。
2025-05-03 02:45:00 - INFO - ==================================================
2025-05-03 02:47:43 - INFO - ==================================================
2025-05-03 02:47:43 - INFO - 开始运行自动化程序...
2025-05-03 02:47:43 - INFO - ==================================================
2025-05-03 02:47:43 - INFO - 开始执行自动化工作流程...
2025-05-03 02:47:43 - INFO - 请在3秒内切换到目标窗口...
2025-05-03 02:47:46 - INFO - 状态机初始化，初始状态: 初始化
2025-05-03 02:47:46 - INFO - 开始执行自动化工作流程...
2025-05-03 02:47:46 - INFO - 请在3秒内切换到目标窗口...
2025-05-03 02:47:49 - INFO - 状态转换: 初始化 -> 等待主界面加载 (耗时: 3.00秒)
2025-05-03 02:47:49 - INFO - 等待主界面加载, 当前执行成功次数: 0
2025-05-03 02:47:49 - INFO - 状态转换: 等待主界面加载 -> 选择PMC (耗时: 0.40秒)
2025-05-03 02:47:50 - INFO - 状态转换: 选择PMC -> 下一步 (耗时: 1.37秒)
2025-05-03 02:47:51 - INFO - 状态转换: 下一步 -> 选择工厂 (耗时: 0.36秒)
2025-05-03 02:47:52 - INFO - 状态转换: 选择工厂 -> 准备 (耗时: 1.55秒)
2025-05-03 02:47:54 - INFO - 状态转换: 准备 -> 等待游戏开始 (耗时: 1.56秒)
2025-05-03 02:51:18 - INFO - 状态转换: 等待游戏开始 -> 等待角色死亡 (耗时: 204.58秒)
2025-05-03 02:52:13 - INFO - 状态转换: 等待角色死亡 -> 返回主菜单 (耗时: 54.97秒)
2025-05-03 02:52:14 - INFO - 状态转换: 返回主菜单 -> 点击是 (耗时: 0.35秒)
2025-05-03 02:52:15 - ERROR - 执行状态 点击是 时发生异常: 'dict' object has no attribute 'set'
Traceback (most recent call last):
  File "d:\Work\KDDown\main.py", line 207, in execute
    self.data.set('success_count', self.data.get('success_count', 0) + 1)
AttributeError: 'dict' object has no attribute 'set'
2025-05-03 02:52:15 - INFO - 状态转换: 点击是 -> 错误 (耗时: 1.53秒)
2025-05-03 02:52:15 - WARNING - 工作流程执行失败，请检查日志了解详情。
2025-05-03 02:52:15 - INFO - ==================================================
2025-05-03 02:52:15 - WARNING - 程序执行失败，请检查日志了解详情。
2025-05-03 02:52:15 - INFO - ==================================================
2025-05-03 02:54:30 - INFO - ==================================================
2025-05-03 02:54:30 - INFO - 开始运行自动化程序...
2025-05-03 02:54:30 - INFO - ==================================================
2025-05-03 02:54:30 - INFO - 开始执行自动化工作流程...
2025-05-03 02:54:30 - INFO - 请在3秒内切换到目标窗口...
2025-05-03 02:54:33 - INFO - 状态机初始化，初始状态: 初始化
2025-05-03 02:54:33 - INFO - 开始执行自动化工作流程...
2025-05-03 02:54:33 - INFO - 请在3秒内切换到目标窗口...
2025-05-03 02:54:36 - INFO - 状态转换: 初始化 -> 等待主界面加载 (耗时: 3.00秒)
2025-05-03 02:54:36 - INFO - 等待主界面加载, 当前执行成功次数: 0
2025-05-03 02:54:37 - INFO - 状态转换: 等待主界面加载 -> 选择PMC (耗时: 0.42秒)
2025-05-03 02:54:38 - INFO - 状态转换: 选择PMC -> 下一步 (耗时: 1.43秒)
2025-05-03 02:54:38 - INFO - 状态转换: 下一步 -> 选择工厂 (耗时: 0.36秒)
2025-05-03 02:54:40 - INFO - 状态转换: 选择工厂 -> 准备 (耗时: 1.53秒)
2025-05-03 02:54:41 - INFO - 状态转换: 准备 -> 等待游戏开始 (耗时: 1.59秒)
2025-05-03 02:58:23 - INFO - 状态转换: 等待游戏开始 -> 等待角色死亡 (耗时: 221.41秒)
2025-05-03 02:59:18 - INFO - 状态转换: 等待角色死亡 -> 返回主菜单 (耗时: 55.09秒)
2025-05-03 02:59:18 - INFO - 状态转换: 返回主菜单 -> 点击是 (耗时: 0.36秒)
2025-05-03 02:59:20 - INFO - =========================
2025-05-03 02:59:20 - INFO - 成功执行次数: 1
2025-05-03 02:59:20 - INFO - =========================
2025-05-03 02:59:20 - INFO - 状态转换: 点击是 -> 等待主界面加载 (耗时: 1.51秒)
2025-05-03 02:59:20 - INFO - 等待主界面加载, 当前执行成功次数: 1
2025-05-03 02:59:47 - INFO - 状态转换: 等待主界面加载 -> 选择PMC (耗时: 27.22秒)
2025-05-03 02:59:52 - INFO - 状态转换: 选择PMC -> 下一步 (耗时: 5.00秒)
2025-05-03 02:59:52 - INFO - 状态转换: 下一步 -> 选择工厂 (耗时: 0.36秒)
2025-05-03 02:59:54 - INFO - 状态转换: 选择工厂 -> 准备 (耗时: 1.56秒)
2025-05-03 02:59:54 - INFO - 状态转换: 准备 -> 等待游戏开始 (耗时: 0.36秒)
2025-05-03 03:03:38 - INFO - 状态转换: 等待游戏开始 -> 等待角色死亡 (耗时: 223.60秒)
2025-05-03 03:04:21 - INFO - 状态转换: 等待角色死亡 -> 返回主菜单 (耗时: 43.11秒)
2025-05-03 03:04:21 - INFO - 状态转换: 返回主菜单 -> 点击是 (耗时: 0.35秒)
2025-05-03 03:04:23 - INFO - =========================
2025-05-03 03:04:23 - INFO - 成功执行次数: 2
2025-05-03 03:04:23 - INFO - =========================
2025-05-03 03:04:23 - INFO - 状态转换: 点击是 -> 等待主界面加载 (耗时: 1.55秒)
2025-05-03 03:04:23 - INFO - 等待主界面加载, 当前执行成功次数: 2
2025-05-03 03:04:50 - INFO - 状态转换: 等待主界面加载 -> 选择PMC (耗时: 27.37秒)
2025-05-03 03:04:52 - INFO - 状态转换: 选择PMC -> 下一步 (耗时: 1.43秒)
2025-05-03 03:04:52 - INFO - 状态转换: 下一步 -> 选择工厂 (耗时: 0.35秒)
2025-05-03 03:04:54 - INFO - 状态转换: 选择工厂 -> 准备 (耗时: 1.54秒)
2025-05-03 03:04:55 - INFO - 状态转换: 准备 -> 等待游戏开始 (耗时: 1.51秒)
